// Jest Snapshot v1, https://goo.gl/fbAQLP

exports[`Storyshots 🚀 Cleanup Components/Menu/MenuItem/MenuItem Examples Primary Line MenuItem 1`] = `
Array [
  .c0 {
  height: 36px;
  padding-top: 12px;
  padding-bottom: 4px;
  display: -webkit-box;
  display: -webkit-flex;
  display: -ms-flexbox;
  display: flex;
  background: #FFFFFF;
  color: #666666;
  font-size: 0.9375rem;
  font-weight: 400;
  font-family: Lato,Helvetica,Arial,sans-serif;
  line-height: 22px;
}

.c0.RcListSubheader-gutters {
  padding-left: 16px;
  padding-right: 8px;
}

.c0.RcListSubheader-inset {
  padding-left: 72px;
}

@media (hover:hover) and (pointer:fine) {

}

@media (hover:hover) and (pointer:fine) {

}

@media (hover:hover) and (pointer:fine) {

}

@media (hover:hover) and (pointer:fine) {

}

@media (hover:hover) and (pointer:fine) {

}

<li
    className="MuiListSubheader-root c0 MuiListSubheader-sticky MuiListSubheader-gutters RcListSubheader-gutters"
  >
    Checked Type Case:
  </li>,
  .c1 {
  padding: 0;
  margin: 0 8px 0 0;
}

.c1.RcListItemText-multiline {
  margin: 4px 8px 4px 0px;
}

.c1.RcListItemText-inset {
  padding-left: 56px;
}

.c1 .RcListItemText-primary {
  white-space: nowrap;
  overflow: hidden;
  text-overflow: ellipsis;
  -webkit-text-decoration-line: inherit;
  text-decoration-line: inherit;
  font-size: 0.9375rem;
  font-weight: 400;
  font-family: Lato,Helvetica,Arial,sans-serif;
  line-height: 22px;
  color: #121212;
}

.c1 .RcListItemText-secondary {
  white-space: nowrap;
  overflow: hidden;
  text-overflow: ellipsis;
  -webkit-text-decoration-line: inherit;
  text-decoration-line: inherit;
  font-size: 0.75rem;
  font-weight: 400;
  font-family: Lato,Helvetica,Arial,sans-serif;
  line-height: 16px;
  color: #666666;
}

.c0 {
  outline: none;
  box-sizing: border-box;
  font-size: 0.9375rem;
  font-weight: 400;
  font-family: Lato,Helvetica,Arial,sans-serif;
  line-height: 22px;
  color: #121212;
  height: auto;
  min-height: 32px;
  min-width: 112px;
  padding-top: 4px;
  padding-bottom: 4px;
}

.c0 .RcMenuItem-gutters {
  padding-left: 16px;
  padding-right: 16px;
}

.c0.RcMenuItem-dense {
  padding-top: 4px;
  padding-bottom: 4px;
  min-height: auto;
  line-height: 22px;
  font-weight: 700;
}

.c0 .c3 {
  margin-right: 0;
}

.c0 .c3 > .c2 {
  margin-left: 4px;
  margin-right: 4px;
}

@media (hover:hover) and (pointer:fine) {

}

@media (hover:hover) and (pointer:fine) {

}

@media (hover:hover) and (pointer:fine) {

}

@media (hover:hover) and (pointer:fine) {

}

@media (hover:hover) and (pointer:fine) {

}

<li
    aria-disabled={false}
    className="MuiButtonBase-root MuiListItem-root MuiMenuItem-root c0 RcMenuItem-unchecked MuiMenuItem-gutters RcMenuItem-gutters MuiListItem-gutters MuiListItem-button"
    data-menuitem-id="menu-item-0"
    onBlur={[Function]}
    onClick={[Function]}
    onDragLeave={[Function]}
    onFocus={[Function]}
    onKeyDown={[Function]}
    onKeyUp={[Function]}
    onMouseDown={[Function]}
    onMouseEnter={[Function]}
    onMouseLeave={[Function]}
    onMouseUp={[Function]}
    onTouchEnd={[Function]}
    onTouchMove={[Function]}
    onTouchStart={[Function]}
    role="menuitem"
    tabIndex={-1}
  >
    <div
      className="MuiListItemText-root c1"
    >
      <span
        className="MuiTypography-root MuiListItemText-primary RcListItemText-primary MuiTypography-body1 MuiTypography-displayBlock"
      >
        Checked Type: UnCheck
      </span>
    </div>
  </li>,
  .c6 {
  width: 1em;
  height: 1em;
  stroke-width: 0;
  stroke: currentColor;
  fill: currentColor;
  pointer-events: none;
}

.c4 {
  display: -webkit-inline-box;
  display: -webkit-inline-flex;
  display: -ms-inline-flexbox;
  display: inline-flex;
  font-size: 24px;
  color: #066FAC;
}

.c11,
.c11 .c3 {
  font-size: 16px;
}

.c11:active,
.c11:active .c3 {
  color: #666666;
}

.c11.focus-visible:active,
.c11[data-focus-visible-added]:active,
.c11.focus-visible:active .c3,
.c11[data-focus-visible-added]:active .c3 {
  color: rgba(102,102,102,0.88);
}

.c11.RcIconButton-disabled,
.c11.RcIconButton-disabled .c3 {
  color: #B9B9B9;
}

.c11.RcIconButton-contained.focus-visible,
.c11.RcIconButton-contained[data-focus-visible-added],
.c11.RcIconButton-contained.focus-visible .c3,
.c11.RcIconButton-contained[data-focus-visible-added] .c3 {
  color: #fff;
}

.c11.RcIconButton-contained:active,
.c11.RcIconButton-contained:active .c3 {
  color: #fff;
}

.c7 > .c10,
.c7 > .c3 {
  margin-right: 8px;
}

.c2 {
  display: -webkit-box;
  display: -webkit-flex;
  display: -ms-flexbox;
  display: flex;
  -webkit-box-pack: center;
  -webkit-justify-content: center;
  -ms-flex-pack: center;
  justify-content: center;
  -webkit-align-items: center;
  -webkit-box-align: center;
  -ms-flex-align: center;
  align-items: center;
  font-size: 0.75rem;
  font-weight: 400;
  font-family: Lato,Helvetica,Arial,sans-serif;
  line-height: 16px;
  color: #666666;
}

.c2 .c12 {
  margin-right: -8px;
}

.c2 .c12 > .c8,
.c2 .c12 > .sc-gGLxEB,
.c2 .c12 > .c9 {
  margin-right: 0;
}

.c2 > * + * {
  margin-left: 8px;
}

.c1 {
  padding: 0;
  margin: 0 8px 0 0;
}

.c1.RcListItemText-multiline {
  margin: 4px 8px 4px 0px;
}

.c1.RcListItemText-inset {
  padding-left: 56px;
}

.c1 .RcListItemText-primary {
  white-space: nowrap;
  overflow: hidden;
  text-overflow: ellipsis;
  -webkit-text-decoration-line: inherit;
  text-decoration-line: inherit;
  font-size: 0.9375rem;
  font-weight: 400;
  font-family: Lato,Helvetica,Arial,sans-serif;
  line-height: 22px;
  color: #121212;
}

.c1 .RcListItemText-secondary {
  white-space: nowrap;
  overflow: hidden;
  text-overflow: ellipsis;
  -webkit-text-decoration-line: inherit;
  text-decoration-line: inherit;
  font-size: 0.75rem;
  font-weight: 400;
  font-family: Lato,Helvetica,Arial,sans-serif;
  line-height: 16px;
  color: #666666;
}

.c5 {
  height: 22px;
}

.c0 {
  outline: none;
  box-sizing: border-box;
  font-size: 0.9375rem;
  font-weight: 400;
  font-family: Lato,Helvetica,Arial,sans-serif;
  line-height: 22px;
  color: #121212;
  height: auto;
  min-height: 32px;
  min-width: 112px;
  padding-top: 4px;
  padding-bottom: 4px;
}

.c0 .RcMenuItem-gutters {
  padding-left: 16px;
  padding-right: 16px;
}

.c0.RcMenuItem-dense {
  padding-top: 4px;
  padding-bottom: 4px;
  min-height: auto;
  line-height: 22px;
  font-weight: 700;
}

.c0 .c12 {
  margin-right: 0;
}

.c0 .c12 > .c9 {
  margin-left: 4px;
  margin-right: 4px;
}

@media (hover:hover) and (pointer:fine) {
  .c11:hover,
  .c11:hover .c3 {
    color: rgba(102,102,102,0.88);
  }
}

@media (hover:hover) and (pointer:fine) {
  .c11.RcIconButton-contained:hover,
  .c11.RcIconButton-contained:hover .c3 {
    color: #fff;
  }
}

@media (hover:hover) and (pointer:fine) {

}

@media (hover:hover) and (pointer:fine) {

}

@media (hover:hover) and (pointer:fine) {

}

<li
    aria-checked={true}
    aria-disabled={false}
    className="MuiButtonBase-root MuiListItem-root MuiMenuItem-root c0 RcMenuItem-checked MuiMenuItem-gutters RcMenuItem-gutters MuiListItem-gutters MuiListItem-button"
    data-menuitem-id="menu-item-0"
    onBlur={[Function]}
    onClick={[Function]}
    onDragLeave={[Function]}
    onFocus={[Function]}
    onKeyDown={[Function]}
    onKeyUp={[Function]}
    onMouseDown={[Function]}
    onMouseEnter={[Function]}
    onMouseLeave={[Function]}
    onMouseUp={[Function]}
    onTouchEnd={[Function]}
    onTouchMove={[Function]}
    onTouchStart={[Function]}
    role="menuitem"
    tabIndex={-1}
  >
    <div
      className="MuiListItemText-root c1"
    >
      <span
        className="MuiTypography-root MuiListItemText-primary RcListItemText-primary MuiTypography-body1 MuiTypography-displayBlock"
      >
        Checked Type: Checked
      </span>
    </div>
    <div
      className="MuiListItemSecondaryAction-root c2"
    >
      <span
        className="c3 c4 c5 check icon"
      >
        <svg
          className="c6"
          viewBox="0 0 32 32"
          xmlns="http://www.w3.org/2000/svg"
        >
          <path
            d="M24.678 8.293a.999.999 0 011.497 1.32l-.083.094-12.314 12.314a1 1 0 01-1.32.083l-.094-.083-7.071-7.071a.999.999 0 011.32-1.497l.094.083L13.07 19.9 24.678 8.293z"
          />
        </svg>
        
      </span>
    </div>
  </li>,
  .c0 {
  position: relative;
  margin: 0;
  border: 0;
  -webkit-flex-shrink: 0;
  -ms-flex-negative: 0;
  flex-shrink: 0;
  overflow: initial;
  width: 100%;
  height: 1px;
  background-color: #E5E5E5;
}

@media (hover:hover) and (pointer:fine) {

}

@media (hover:hover) and (pointer:fine) {

}

@media (hover:hover) and (pointer:fine) {

}

@media (hover:hover) and (pointer:fine) {

}

@media (hover:hover) and (pointer:fine) {

}

<li
    className="c0"
    role="separator"
  />,
  .c0 {
  height: 36px;
  padding-top: 12px;
  padding-bottom: 4px;
  display: -webkit-box;
  display: -webkit-flex;
  display: -ms-flexbox;
  display: flex;
  background: #FFFFFF;
  color: #666666;
  font-size: 0.9375rem;
  font-weight: 400;
  font-family: Lato,Helvetica,Arial,sans-serif;
  line-height: 22px;
}

.c0.RcListSubheader-gutters {
  padding-left: 16px;
  padding-right: 8px;
}

.c0.RcListSubheader-inset {
  padding-left: 72px;
}

@media (hover:hover) and (pointer:fine) {

}

@media (hover:hover) and (pointer:fine) {

}

@media (hover:hover) and (pointer:fine) {

}

@media (hover:hover) and (pointer:fine) {

}

@media (hover:hover) and (pointer:fine) {

}

<li
    className="MuiListSubheader-root c0 MuiListSubheader-sticky MuiListSubheader-gutters RcListSubheader-gutters"
  >
    Avatar Case:
  </li>,
  .c3 {
  position: relative;
  display: -webkit-inline-box;
  display: -webkit-inline-flex;
  display: -ms-inline-flexbox;
  display: inline-flex;
  -webkit-align-items: center;
  -webkit-box-align: center;
  -ms-flex-align: center;
  align-items: center;
  -webkit-box-pack: center;
  -webkit-justify-content: center;
  -ms-flex-pack: center;
  justify-content: center;
  -webkit-flex-shrink: 0;
  -ms-flex-negative: 0;
  flex-shrink: 0;
  line-height: 1;
  border-radius: 50%;
  overflow: hidden;
  -webkit-user-select: none;
  -moz-user-select: none;
  -ms-user-select: none;
  user-select: none;
  outline: none;
  color: #FFFFFF;
  font-size: 1.25rem;
  font-weight: 700;
  font-family: Lato,Helvetica,Arial,sans-serif;
  line-height: 28px;
  width: 64px;
  height: 64px;
  background-color: #F3F3F3;
}

.c3 > img,
.c3 > canvas {
  width: 100%;
  height: 100%;
}

.c2 {
  position: relative;
  display: -webkit-inline-box;
  display: -webkit-inline-flex;
  display: -ms-inline-flexbox;
  display: inline-flex;
  outline: 0;
}

.c1 {
  margin: 3px 8px 3px 0px;
  min-width: 0;
  display: -webkit-box;
  display: -webkit-flex;
  display: -ms-flexbox;
  display: flex;
  -webkit-box-pack: center;
  -webkit-justify-content: center;
  -ms-flex-pack: center;
  justify-content: center;
  -webkit-align-items: center;
  -webkit-box-align: center;
  -ms-flex-align: center;
  align-items: center;
}

.c4 {
  padding: 0;
  margin: 0 8px 0 0;
}

.c4.RcListItemText-multiline {
  margin: 4px 8px 4px 0px;
}

.c4.RcListItemText-inset {
  padding-left: 56px;
}

.c4 .RcListItemText-primary {
  white-space: nowrap;
  overflow: hidden;
  text-overflow: ellipsis;
  -webkit-text-decoration-line: inherit;
  text-decoration-line: inherit;
  font-size: 0.9375rem;
  font-weight: 400;
  font-family: Lato,Helvetica,Arial,sans-serif;
  line-height: 22px;
  color: #121212;
}

.c4 .RcListItemText-secondary {
  white-space: nowrap;
  overflow: hidden;
  text-overflow: ellipsis;
  -webkit-text-decoration-line: inherit;
  text-decoration-line: inherit;
  font-size: 0.75rem;
  font-weight: 400;
  font-family: Lato,Helvetica,Arial,sans-serif;
  line-height: 16px;
  color: #666666;
}

.c0 {
  outline: none;
  box-sizing: border-box;
  font-size: 0.9375rem;
  font-weight: 400;
  font-family: Lato,Helvetica,Arial,sans-serif;
  line-height: 22px;
  color: #121212;
  height: auto;
  min-height: 32px;
  min-width: 112px;
  padding-top: 4px;
  padding-bottom: 4px;
}

.c0 .RcMenuItem-gutters {
  padding-left: 16px;
  padding-right: 16px;
}

.c0.RcMenuItem-dense {
  padding-top: 4px;
  padding-bottom: 4px;
  min-height: auto;
  line-height: 22px;
  font-weight: 700;
}

.c0 .c6 {
  margin-right: 0;
}

.c0 .c6 > .c5 {
  margin-left: 4px;
  margin-right: 4px;
}

@media (hover:hover) and (pointer:fine) {

}

@media (hover:hover) and (pointer:fine) {

}

@media (hover:hover) and (pointer:fine) {

}

@media (hover:hover) and (pointer:fine) {

}

@media (hover:hover) and (pointer:fine) {

}

<li
    aria-disabled={false}
    className="MuiButtonBase-root MuiListItem-root MuiMenuItem-root c0 MuiMenuItem-gutters RcMenuItem-gutters MuiListItem-gutters MuiListItem-button"
    data-menuitem-id="menu-item-0"
    onBlur={[Function]}
    onClick={[Function]}
    onDragLeave={[Function]}
    onFocus={[Function]}
    onKeyDown={[Function]}
    onKeyUp={[Function]}
    onMouseDown={[Function]}
    onMouseEnter={[Function]}
    onMouseLeave={[Function]}
    onMouseUp={[Function]}
    onTouchEnd={[Function]}
    onTouchMove={[Function]}
    onTouchStart={[Function]}
    role="menuitem"
    tabIndex={-1}
  >
    <div
      className="MuiListItemAvatar-root c1"
    >
      <div
        className="c2 "
        data-test-automation-class="avatar"
      >
        <div
          className="c3 RcAvatar-avatarContainer"
        >
          <img
            src="test-file-stub"
          />
        </div>
      </div>
    </div>
    <div
      className="MuiListItemText-root c4"
    >
      <span
        className="MuiTypography-root MuiListItemText-primary RcListItemText-primary MuiTypography-body1 MuiTypography-displayBlock"
      >
        use avatar prop
      </span>
    </div>
  </li>,
  .c3 {
  position: relative;
  display: -webkit-inline-box;
  display: -webkit-inline-flex;
  display: -ms-inline-flexbox;
  display: inline-flex;
  -webkit-align-items: center;
  -webkit-box-align: center;
  -ms-flex-align: center;
  align-items: center;
  -webkit-box-pack: center;
  -webkit-justify-content: center;
  -ms-flex-pack: center;
  justify-content: center;
  -webkit-flex-shrink: 0;
  -ms-flex-negative: 0;
  flex-shrink: 0;
  line-height: 1;
  border-radius: 50%;
  overflow: hidden;
  -webkit-user-select: none;
  -moz-user-select: none;
  -ms-user-select: none;
  user-select: none;
  outline: none;
  color: #FFFFFF;
  font-size: 1.25rem;
  font-weight: 700;
  font-family: Lato,Helvetica,Arial,sans-serif;
  line-height: 28px;
  width: 64px;
  height: 64px;
  background-color: #F3F3F3;
}

.c3 > img,
.c3 > canvas {
  width: 100%;
  height: 100%;
}

.c2 {
  position: relative;
  display: -webkit-inline-box;
  display: -webkit-inline-flex;
  display: -ms-inline-flexbox;
  display: inline-flex;
  outline: 0;
}

.c1 {
  margin: 3px 8px 3px 0px;
  min-width: 0;
  display: -webkit-box;
  display: -webkit-flex;
  display: -ms-flexbox;
  display: flex;
  -webkit-box-pack: center;
  -webkit-justify-content: center;
  -ms-flex-pack: center;
  justify-content: center;
  -webkit-align-items: center;
  -webkit-box-align: center;
  -ms-flex-align: center;
  align-items: center;
}

.c4 {
  padding: 0;
  margin: 0 8px 0 0;
}

.c4.RcListItemText-multiline {
  margin: 4px 8px 4px 0px;
}

.c4.RcListItemText-inset {
  padding-left: 56px;
}

.c4 .RcListItemText-primary {
  white-space: nowrap;
  overflow: hidden;
  text-overflow: ellipsis;
  -webkit-text-decoration-line: inherit;
  text-decoration-line: inherit;
  font-size: 0.9375rem;
  font-weight: 400;
  font-family: Lato,Helvetica,Arial,sans-serif;
  line-height: 22px;
  color: #121212;
}

.c4 .RcListItemText-secondary {
  white-space: nowrap;
  overflow: hidden;
  text-overflow: ellipsis;
  -webkit-text-decoration-line: inherit;
  text-decoration-line: inherit;
  font-size: 0.75rem;
  font-weight: 400;
  font-family: Lato,Helvetica,Arial,sans-serif;
  line-height: 16px;
  color: #666666;
}

.c0 {
  outline: none;
  box-sizing: border-box;
  font-size: 0.9375rem;
  font-weight: 400;
  font-family: Lato,Helvetica,Arial,sans-serif;
  line-height: 22px;
  color: #121212;
  height: auto;
  min-height: 32px;
  min-width: 112px;
  padding-top: 4px;
  padding-bottom: 4px;
}

.c0 .RcMenuItem-gutters {
  padding-left: 16px;
  padding-right: 16px;
}

.c0.RcMenuItem-dense {
  padding-top: 4px;
  padding-bottom: 4px;
  min-height: auto;
  line-height: 22px;
  font-weight: 700;
}

.c0 .c6 {
  margin-right: 0;
}

.c0 .c6 > .c5 {
  margin-left: 4px;
  margin-right: 4px;
}

@media (hover:hover) and (pointer:fine) {

}

@media (hover:hover) and (pointer:fine) {

}

@media (hover:hover) and (pointer:fine) {

}

@media (hover:hover) and (pointer:fine) {

}

@media (hover:hover) and (pointer:fine) {

}

<li
    aria-disabled={false}
    className="MuiButtonBase-root MuiListItem-root MuiMenuItem-root c0 MuiMenuItem-gutters RcMenuItem-gutters MuiListItem-gutters MuiListItem-button"
    data-menuitem-id="menu-item-0"
    onBlur={[Function]}
    onClick={[Function]}
    onDragLeave={[Function]}
    onFocus={[Function]}
    onKeyDown={[Function]}
    onKeyUp={[Function]}
    onMouseDown={[Function]}
    onMouseEnter={[Function]}
    onMouseLeave={[Function]}
    onMouseUp={[Function]}
    onTouchEnd={[Function]}
    onTouchMove={[Function]}
    onTouchStart={[Function]}
    role="menuitem"
    tabIndex={-1}
  >
    <div
      className="MuiListItemAvatar-root c1"
    >
      <div
        className="c2 "
        data-test-automation-class="avatar"
      >
        <div
          className="c3 RcAvatar-avatarContainer"
        >
          <img
            src="test-file-stub"
          />
        </div>
      </div>
    </div>
    <div
      className="MuiListItemText-root c4"
    >
      <span
        className="MuiTypography-root MuiListItemText-primary RcListItemText-primary MuiTypography-body1 MuiTypography-displayBlock"
      >
        use ListItemAvatar
      </span>
    </div>
  </li>,
  .c0 {
  position: relative;
  margin: 0;
  border: 0;
  -webkit-flex-shrink: 0;
  -ms-flex-negative: 0;
  flex-shrink: 0;
  overflow: initial;
  width: 100%;
  height: 1px;
  background-color: #E5E5E5;
}

@media (hover:hover) and (pointer:fine) {

}

@media (hover:hover) and (pointer:fine) {

}

@media (hover:hover) and (pointer:fine) {

}

@media (hover:hover) and (pointer:fine) {

}

@media (hover:hover) and (pointer:fine) {

}

<li
    className="c0"
    role="separator"
  />,
  .c0 {
  height: 36px;
  padding-top: 12px;
  padding-bottom: 4px;
  display: -webkit-box;
  display: -webkit-flex;
  display: -ms-flexbox;
  display: flex;
  background: #FFFFFF;
  color: #666666;
  font-size: 0.9375rem;
  font-weight: 400;
  font-family: Lato,Helvetica,Arial,sans-serif;
  line-height: 22px;
}

.c0.RcListSubheader-gutters {
  padding-left: 16px;
  padding-right: 8px;
}

.c0.RcListSubheader-inset {
  padding-left: 72px;
}

@media (hover:hover) and (pointer:fine) {

}

@media (hover:hover) and (pointer:fine) {

}

@media (hover:hover) and (pointer:fine) {

}

@media (hover:hover) and (pointer:fine) {

}

@media (hover:hover) and (pointer:fine) {

}

<li
    className="MuiListSubheader-root c0 MuiListSubheader-sticky MuiListSubheader-gutters RcListSubheader-gutters"
  >
    Icon Case:
  </li>,
  .c4 {
  width: 1em;
  height: 1em;
  stroke-width: 0;
  stroke: currentColor;
  fill: currentColor;
  pointer-events: none;
}

.c3 {
  display: -webkit-inline-box;
  display: -webkit-inline-flex;
  display: -ms-inline-flexbox;
  display: inline-flex;
  font-size: 16px;
}

.c9,
.c9 .c2 {
  font-size: 16px;
}

.c9:active,
.c9:active .c2 {
  color: #666666;
}

.c9.focus-visible:active,
.c9[data-focus-visible-added]:active,
.c9.focus-visible:active .c2,
.c9[data-focus-visible-added]:active .c2 {
  color: rgba(102,102,102,0.88);
}

.c9.RcIconButton-disabled,
.c9.RcIconButton-disabled .c2 {
  color: #B9B9B9;
}

.c9.RcIconButton-contained.focus-visible,
.c9.RcIconButton-contained[data-focus-visible-added],
.c9.RcIconButton-contained.focus-visible .c2,
.c9.RcIconButton-contained[data-focus-visible-added] .c2 {
  color: #fff;
}

.c9.RcIconButton-contained:active,
.c9.RcIconButton-contained:active .c2 {
  color: #fff;
}

.c1 {
  display: -webkit-box;
  display: -webkit-flex;
  display: -ms-flexbox;
  display: flex;
  -webkit-box-pack: center;
  -webkit-justify-content: center;
  -ms-flex-pack: center;
  justify-content: center;
  -webkit-align-items: center;
  -webkit-box-align: center;
  -ms-flex-align: center;
  align-items: center;
  width: auto;
  height: unset;
  color: #666666;
  min-width: unset;
}

.c1 > .c6,
.c1 > .sc-gGLxEB {
  margin-right: 4px;
}

.c1 > .c7 {
  margin-left: 4px;
  margin-right: 4px;
}

.c1 > .c8,
.c1 > .c2 {
  margin-right: 8px;
}

.c5 {
  padding: 0;
  margin: 0 8px 0 0;
}

.c5.RcListItemText-multiline {
  margin: 4px 8px 4px 0px;
}

.c5.RcListItemText-inset {
  padding-left: 56px;
}

.c5 .RcListItemText-primary {
  white-space: nowrap;
  overflow: hidden;
  text-overflow: ellipsis;
  -webkit-text-decoration-line: inherit;
  text-decoration-line: inherit;
  font-size: 0.9375rem;
  font-weight: 400;
  font-family: Lato,Helvetica,Arial,sans-serif;
  line-height: 22px;
  color: #121212;
}

.c5 .RcListItemText-secondary {
  white-space: nowrap;
  overflow: hidden;
  text-overflow: ellipsis;
  -webkit-text-decoration-line: inherit;
  text-decoration-line: inherit;
  font-size: 0.75rem;
  font-weight: 400;
  font-family: Lato,Helvetica,Arial,sans-serif;
  line-height: 16px;
  color: #666666;
}

.c0 {
  outline: none;
  box-sizing: border-box;
  font-size: 0.9375rem;
  font-weight: 400;
  font-family: Lato,Helvetica,Arial,sans-serif;
  line-height: 22px;
  color: #121212;
  height: auto;
  min-height: 32px;
  min-width: 112px;
  padding-top: 4px;
  padding-bottom: 4px;
}

.c0 .RcMenuItem-gutters {
  padding-left: 16px;
  padding-right: 16px;
}

.c0.RcMenuItem-dense {
  padding-top: 4px;
  padding-bottom: 4px;
  min-height: auto;
  line-height: 22px;
  font-weight: 700;
}

.c0 .c10 {
  margin-right: 0;
}

.c0 .c10 > .c7 {
  margin-left: 4px;
  margin-right: 4px;
}

@media (hover:hover) and (pointer:fine) {
  .c9:hover,
  .c9:hover .c2 {
    color: rgba(102,102,102,0.88);
  }
}

@media (hover:hover) and (pointer:fine) {
  .c9.RcIconButton-contained:hover,
  .c9.RcIconButton-contained:hover .c2 {
    color: #fff;
  }
}

@media (hover:hover) and (pointer:fine) {

}

@media (hover:hover) and (pointer:fine) {

}

@media (hover:hover) and (pointer:fine) {

}

<li
    aria-disabled={false}
    className="MuiButtonBase-root MuiListItem-root MuiMenuItem-root c0 MuiMenuItem-gutters RcMenuItem-gutters MuiListItem-gutters MuiListItem-button"
    data-menuitem-id="menu-item-0"
    onBlur={[Function]}
    onClick={[Function]}
    onDragLeave={[Function]}
    onFocus={[Function]}
    onKeyDown={[Function]}
    onKeyUp={[Function]}
    onMouseDown={[Function]}
    onMouseEnter={[Function]}
    onMouseLeave={[Function]}
    onMouseUp={[Function]}
    onTouchEnd={[Function]}
    onTouchMove={[Function]}
    onTouchStart={[Function]}
    role="menuitem"
    tabIndex={-1}
  >
    <div
      className="MuiListItemIcon-root c1"
    >
      <span
        className="c2 c3 star icon"
      >
        <svg
          className="c4"
          viewBox="0 0 32 32"
          xmlns="http://www.w3.org/2000/svg"
        >
          <path
            d="M16.885 1.726c.394.195.714.514.908.908l2.97 6.018a1 1 0 00.753.547l6.641.965a2.001 2.001 0 011.109 3.412L24.46 18.26c-.236.23-.343.561-.288.885l1.134 6.614a1.999 1.999 0 01-2.902 2.108l-5.94-3.123a1.002 1.002 0 00-.931 0l-5.94 3.123a2 2 0 01-2.902-2.109l1.134-6.614a.999.999 0 00-.288-.885l-4.806-4.684a2 2 0 011.109-3.411l6.641-.965a1 1 0 00.753-.547l2.97-6.018a2 2 0 012.679-.908z"
          />
        </svg>
        
      </span>
    </div>
    <div
      className="MuiListItemText-root c5"
    >
      <span
        className="MuiTypography-root MuiListItemText-primary RcListItemText-primary MuiTypography-body1 MuiTypography-displayBlock"
      >
        use icon prop
      </span>
    </div>
  </li>,
  .c4 {
  width: 1em;
  height: 1em;
  stroke-width: 0;
  stroke: currentColor;
  fill: currentColor;
  pointer-events: none;
}

.c3 {
  display: -webkit-inline-box;
  display: -webkit-inline-flex;
  display: -ms-inline-flexbox;
  display: inline-flex;
  font-size: 16px;
}

.c9,
.c9 .c2 {
  font-size: 16px;
}

.c9:active,
.c9:active .c2 {
  color: #666666;
}

.c9.focus-visible:active,
.c9[data-focus-visible-added]:active,
.c9.focus-visible:active .c2,
.c9[data-focus-visible-added]:active .c2 {
  color: rgba(102,102,102,0.88);
}

.c9.RcIconButton-disabled,
.c9.RcIconButton-disabled .c2 {
  color: #B9B9B9;
}

.c9.RcIconButton-contained.focus-visible,
.c9.RcIconButton-contained[data-focus-visible-added],
.c9.RcIconButton-contained.focus-visible .c2,
.c9.RcIconButton-contained[data-focus-visible-added] .c2 {
  color: #fff;
}

.c9.RcIconButton-contained:active,
.c9.RcIconButton-contained:active .c2 {
  color: #fff;
}

.c1 {
  display: -webkit-box;
  display: -webkit-flex;
  display: -ms-flexbox;
  display: flex;
  -webkit-box-pack: center;
  -webkit-justify-content: center;
  -ms-flex-pack: center;
  justify-content: center;
  -webkit-align-items: center;
  -webkit-box-align: center;
  -ms-flex-align: center;
  align-items: center;
  width: auto;
  height: unset;
  color: #666666;
  min-width: unset;
}

.c1 > .c6,
.c1 > .sc-gGLxEB {
  margin-right: 4px;
}

.c1 > .c7 {
  margin-left: 4px;
  margin-right: 4px;
}

.c1 > .c8,
.c1 > .c2 {
  margin-right: 8px;
}

.c5 {
  padding: 0;
  margin: 0 8px 0 0;
}

.c5.RcListItemText-multiline {
  margin: 4px 8px 4px 0px;
}

.c5.RcListItemText-inset {
  padding-left: 56px;
}

.c5 .RcListItemText-primary {
  white-space: nowrap;
  overflow: hidden;
  text-overflow: ellipsis;
  -webkit-text-decoration-line: inherit;
  text-decoration-line: inherit;
  font-size: 0.9375rem;
  font-weight: 400;
  font-family: Lato,Helvetica,Arial,sans-serif;
  line-height: 22px;
  color: #121212;
}

.c5 .RcListItemText-secondary {
  white-space: nowrap;
  overflow: hidden;
  text-overflow: ellipsis;
  -webkit-text-decoration-line: inherit;
  text-decoration-line: inherit;
  font-size: 0.75rem;
  font-weight: 400;
  font-family: Lato,Helvetica,Arial,sans-serif;
  line-height: 16px;
  color: #666666;
}

.c0 {
  outline: none;
  box-sizing: border-box;
  font-size: 0.9375rem;
  font-weight: 400;
  font-family: Lato,Helvetica,Arial,sans-serif;
  line-height: 22px;
  color: #121212;
  height: auto;
  min-height: 32px;
  min-width: 112px;
  padding-top: 4px;
  padding-bottom: 4px;
}

.c0 .RcMenuItem-gutters {
  padding-left: 16px;
  padding-right: 16px;
}

.c0.RcMenuItem-dense {
  padding-top: 4px;
  padding-bottom: 4px;
  min-height: auto;
  line-height: 22px;
  font-weight: 700;
}

.c0 .c10 {
  margin-right: 0;
}

.c0 .c10 > .c7 {
  margin-left: 4px;
  margin-right: 4px;
}

@media (hover:hover) and (pointer:fine) {
  .c9:hover,
  .c9:hover .c2 {
    color: rgba(102,102,102,0.88);
  }
}

@media (hover:hover) and (pointer:fine) {
  .c9.RcIconButton-contained:hover,
  .c9.RcIconButton-contained:hover .c2 {
    color: #fff;
  }
}

@media (hover:hover) and (pointer:fine) {

}

@media (hover:hover) and (pointer:fine) {

}

@media (hover:hover) and (pointer:fine) {

}

<li
    aria-disabled={false}
    className="MuiButtonBase-root MuiListItem-root MuiMenuItem-root c0 MuiMenuItem-gutters RcMenuItem-gutters MuiListItem-gutters MuiListItem-button"
    data-menuitem-id="menu-item-0"
    onBlur={[Function]}
    onClick={[Function]}
    onDragLeave={[Function]}
    onFocus={[Function]}
    onKeyDown={[Function]}
    onKeyUp={[Function]}
    onMouseDown={[Function]}
    onMouseEnter={[Function]}
    onMouseLeave={[Function]}
    onMouseUp={[Function]}
    onTouchEnd={[Function]}
    onTouchMove={[Function]}
    onTouchStart={[Function]}
    role="menuitem"
    tabIndex={-1}
  >
    <div
      className="MuiListItemIcon-root c1"
    >
      <span
        className="c2 c3 star icon"
      >
        <svg
          className="c4"
          viewBox="0 0 32 32"
          xmlns="http://www.w3.org/2000/svg"
        >
          <path
            d="M16.885 1.726c.394.195.714.514.908.908l2.97 6.018a1 1 0 00.753.547l6.641.965a2.001 2.001 0 011.109 3.412L24.46 18.26c-.236.23-.343.561-.288.885l1.134 6.614a1.999 1.999 0 01-2.902 2.108l-5.94-3.123a1.002 1.002 0 00-.931 0l-5.94 3.123a2 2 0 01-2.902-2.109l1.134-6.614a.999.999 0 00-.288-.885l-4.806-4.684a2 2 0 011.109-3.411l6.641-.965a1 1 0 00.753-.547l2.97-6.018a2 2 0 012.679-.908z"
          />
        </svg>
        
      </span>
    </div>
    <div
      className="MuiListItemText-root c5"
    >
      <span
        className="MuiTypography-root MuiListItemText-primary RcListItemText-primary MuiTypography-body1 MuiTypography-displayBlock"
      >
        use symbol prop
      </span>
    </div>
  </li>,
  .c4 {
  width: 1em;
  height: 1em;
  stroke-width: 0;
  stroke: currentColor;
  fill: currentColor;
  pointer-events: none;
}

.c3 {
  display: -webkit-inline-box;
  display: -webkit-inline-flex;
  display: -ms-inline-flexbox;
  display: inline-flex;
  font-size: 16px;
}

.c9,
.c9 .c2 {
  font-size: 16px;
}

.c9:active,
.c9:active .c2 {
  color: #666666;
}

.c9.focus-visible:active,
.c9[data-focus-visible-added]:active,
.c9.focus-visible:active .c2,
.c9[data-focus-visible-added]:active .c2 {
  color: rgba(102,102,102,0.88);
}

.c9.RcIconButton-disabled,
.c9.RcIconButton-disabled .c2 {
  color: #B9B9B9;
}

.c9.RcIconButton-contained.focus-visible,
.c9.RcIconButton-contained[data-focus-visible-added],
.c9.RcIconButton-contained.focus-visible .c2,
.c9.RcIconButton-contained[data-focus-visible-added] .c2 {
  color: #fff;
}

.c9.RcIconButton-contained:active,
.c9.RcIconButton-contained:active .c2 {
  color: #fff;
}

.c1 {
  display: -webkit-box;
  display: -webkit-flex;
  display: -ms-flexbox;
  display: flex;
  -webkit-box-pack: center;
  -webkit-justify-content: center;
  -ms-flex-pack: center;
  justify-content: center;
  -webkit-align-items: center;
  -webkit-box-align: center;
  -ms-flex-align: center;
  align-items: center;
  width: auto;
  height: unset;
  color: #666666;
  min-width: unset;
}

.c1 > .c6,
.c1 > .sc-gGLxEB {
  margin-right: 4px;
}

.c1 > .c7 {
  margin-left: 4px;
  margin-right: 4px;
}

.c1 > .c8,
.c1 > .c2 {
  margin-right: 8px;
}

.c5 {
  padding: 0;
  margin: 0 8px 0 0;
}

.c5.RcListItemText-multiline {
  margin: 4px 8px 4px 0px;
}

.c5.RcListItemText-inset {
  padding-left: 56px;
}

.c5 .RcListItemText-primary {
  white-space: nowrap;
  overflow: hidden;
  text-overflow: ellipsis;
  -webkit-text-decoration-line: inherit;
  text-decoration-line: inherit;
  font-size: 0.9375rem;
  font-weight: 400;
  font-family: Lato,Helvetica,Arial,sans-serif;
  line-height: 22px;
  color: #121212;
}

.c5 .RcListItemText-secondary {
  white-space: nowrap;
  overflow: hidden;
  text-overflow: ellipsis;
  -webkit-text-decoration-line: inherit;
  text-decoration-line: inherit;
  font-size: 0.75rem;
  font-weight: 400;
  font-family: Lato,Helvetica,Arial,sans-serif;
  line-height: 16px;
  color: #666666;
}

.c0 {
  outline: none;
  box-sizing: border-box;
  font-size: 0.9375rem;
  font-weight: 400;
  font-family: Lato,Helvetica,Arial,sans-serif;
  line-height: 22px;
  color: #121212;
  height: auto;
  min-height: 32px;
  min-width: 112px;
  padding-top: 4px;
  padding-bottom: 4px;
}

.c0 .RcMenuItem-gutters {
  padding-left: 16px;
  padding-right: 16px;
}

.c0.RcMenuItem-dense {
  padding-top: 4px;
  padding-bottom: 4px;
  min-height: auto;
  line-height: 22px;
  font-weight: 700;
}

.c0 .c10 {
  margin-right: 0;
}

.c0 .c10 > .c7 {
  margin-left: 4px;
  margin-right: 4px;
}

@media (hover:hover) and (pointer:fine) {
  .c9:hover,
  .c9:hover .c2 {
    color: rgba(102,102,102,0.88);
  }
}

@media (hover:hover) and (pointer:fine) {
  .c9.RcIconButton-contained:hover,
  .c9.RcIconButton-contained:hover .c2 {
    color: #fff;
  }
}

@media (hover:hover) and (pointer:fine) {

}

@media (hover:hover) and (pointer:fine) {

}

@media (hover:hover) and (pointer:fine) {

}

<li
    aria-disabled={false}
    className="MuiButtonBase-root MuiListItem-root MuiMenuItem-root c0 MuiMenuItem-gutters RcMenuItem-gutters MuiListItem-gutters MuiListItem-button"
    data-menuitem-id="menu-item-0"
    onBlur={[Function]}
    onClick={[Function]}
    onDragLeave={[Function]}
    onFocus={[Function]}
    onKeyDown={[Function]}
    onKeyUp={[Function]}
    onMouseDown={[Function]}
    onMouseEnter={[Function]}
    onMouseLeave={[Function]}
    onMouseUp={[Function]}
    onTouchEnd={[Function]}
    onTouchMove={[Function]}
    onTouchStart={[Function]}
    role="menuitem"
    tabIndex={-1}
  >
    <div
      className="MuiListItemIcon-root c1"
    >
      <span
        className="c2 c3 star icon"
      >
        <svg
          className="c4"
          viewBox="0 0 32 32"
          xmlns="http://www.w3.org/2000/svg"
        >
          <path
            d="M16.885 1.726c.394.195.714.514.908.908l2.97 6.018a1 1 0 00.753.547l6.641.965a2.001 2.001 0 011.109 3.412L24.46 18.26c-.236.23-.343.561-.288.885l1.134 6.614a1.999 1.999 0 01-2.902 2.108l-5.94-3.123a1.002 1.002 0 00-.931 0l-5.94 3.123a2 2 0 01-2.902-2.109l1.134-6.614a.999.999 0 00-.288-.885l-4.806-4.684a2 2 0 011.109-3.411l6.641-.965a1 1 0 00.753-.547l2.97-6.018a2 2 0 012.679-.908z"
          />
        </svg>
        
      </span>
    </div>
    <div
      className="MuiListItemText-root c5"
    >
      <span
        className="MuiTypography-root MuiListItemText-primary RcListItemText-primary MuiTypography-body1 MuiTypography-displayBlock"
      >
        use ListItemIcon
      </span>
    </div>
  </li>,
  .c0 {
  position: relative;
  margin: 0;
  border: 0;
  -webkit-flex-shrink: 0;
  -ms-flex-negative: 0;
  flex-shrink: 0;
  overflow: initial;
  width: 100%;
  height: 1px;
  background-color: #E5E5E5;
}

@media (hover:hover) and (pointer:fine) {

}

@media (hover:hover) and (pointer:fine) {

}

@media (hover:hover) and (pointer:fine) {

}

@media (hover:hover) and (pointer:fine) {

}

@media (hover:hover) and (pointer:fine) {

}

<li
    className="c0"
    role="separator"
  />,
  .c0 {
  height: 36px;
  padding-top: 12px;
  padding-bottom: 4px;
  display: -webkit-box;
  display: -webkit-flex;
  display: -ms-flexbox;
  display: flex;
  background: #FFFFFF;
  color: #666666;
  font-size: 0.9375rem;
  font-weight: 400;
  font-family: Lato,Helvetica,Arial,sans-serif;
  line-height: 22px;
}

.c0.RcListSubheader-gutters {
  padding-left: 16px;
  padding-right: 8px;
}

.c0.RcListSubheader-inset {
  padding-left: 72px;
}

@media (hover:hover) and (pointer:fine) {

}

@media (hover:hover) and (pointer:fine) {

}

@media (hover:hover) and (pointer:fine) {

}

@media (hover:hover) and (pointer:fine) {

}

@media (hover:hover) and (pointer:fine) {

}

<li
    className="MuiListSubheader-root c0 MuiListSubheader-sticky MuiListSubheader-gutters RcListSubheader-gutters"
  >
    IconControl Case
  </li>,
  .c6 {
  width: 1em;
  height: 1em;
  stroke-width: 0;
  stroke: currentColor;
  fill: currentColor;
  pointer-events: none;
}

.c5 {
  display: -webkit-inline-box;
  display: -webkit-inline-flex;
  display: -ms-inline-flexbox;
  display: inline-flex;
  font-size: 20px;
}

.c12,
.c12 .c4 {
  font-size: 16px;
}

.c12:active,
.c12:active .c4 {
  color: #666666;
}

.c12.focus-visible:active,
.c12[data-focus-visible-added]:active,
.c12.focus-visible:active .c4,
.c12[data-focus-visible-added]:active .c4 {
  color: rgba(102,102,102,0.88);
}

.c12.RcIconButton-disabled,
.c12.RcIconButton-disabled .c4 {
  color: #B9B9B9;
}

.c12.RcIconButton-contained.focus-visible,
.c12.RcIconButton-contained[data-focus-visible-added],
.c12.RcIconButton-contained.focus-visible .c4,
.c12.RcIconButton-contained[data-focus-visible-added] .c4 {
  color: #fff;
}

.c12.RcIconButton-contained:active,
.c12.RcIconButton-contained:active .c4 {
  color: #fff;
}

.c3.RcCheckbox-root {
  color: #939393;
  padding: 10px;
}

.c3.RcCheckbox-root.RcCheckbox-checked {
  color: #066FAC;
}

.c3.RcCheckbox-root.RcCheckbox-disabled {
  color: #B9B9B9;
}

.c1 {
  display: -webkit-box;
  display: -webkit-flex;
  display: -ms-flexbox;
  display: flex;
  -webkit-box-pack: center;
  -webkit-justify-content: center;
  -ms-flex-pack: center;
  justify-content: center;
  -webkit-align-items: center;
  -webkit-box-align: center;
  -ms-flex-align: center;
  align-items: center;
  width: auto;
  height: unset;
  color: #666666;
  min-width: unset;
}

.c1 > .c9,
.c1 > .c2 {
  margin-right: 4px;
}

.c1 > .c10 {
  margin-left: 4px;
  margin-right: 4px;
}

.c1 > .c11,
.c1 > .c4 {
  margin-right: 8px;
}

.c8 .c13 > .c9,
.c8 .c13 > .c2,
.c8 .c13 > .c10 {
  margin-right: 0;
}

.c7 {
  padding: 0;
  margin: 0 8px 0 0;
}

.c7.RcListItemText-multiline {
  margin: 4px 8px 4px 0px;
}

.c7.RcListItemText-inset {
  padding-left: 56px;
}

.c7 .RcListItemText-primary {
  white-space: nowrap;
  overflow: hidden;
  text-overflow: ellipsis;
  -webkit-text-decoration-line: inherit;
  text-decoration-line: inherit;
  font-size: 0.9375rem;
  font-weight: 400;
  font-family: Lato,Helvetica,Arial,sans-serif;
  line-height: 22px;
  color: #121212;
}

.c7 .RcListItemText-secondary {
  white-space: nowrap;
  overflow: hidden;
  text-overflow: ellipsis;
  -webkit-text-decoration-line: inherit;
  text-decoration-line: inherit;
  font-size: 0.75rem;
  font-weight: 400;
  font-family: Lato,Helvetica,Arial,sans-serif;
  line-height: 16px;
  color: #666666;
}

.c0 {
  outline: none;
  box-sizing: border-box;
  font-size: 0.9375rem;
  font-weight: 400;
  font-family: Lato,Helvetica,Arial,sans-serif;
  line-height: 22px;
  color: #121212;
  height: auto;
  min-height: 32px;
  min-width: 112px;
  padding-top: 4px;
  padding-bottom: 4px;
}

.c0 .RcMenuItem-gutters {
  padding-left: 16px;
  padding-right: 16px;
}

.c0.RcMenuItem-dense {
  padding-top: 4px;
  padding-bottom: 4px;
  min-height: auto;
  line-height: 22px;
  font-weight: 700;
}

.c0 .c13 {
  margin-right: 0;
}

.c0 .c13 > .c10 {
  margin-left: 4px;
  margin-right: 4px;
}

@media (hover:hover) and (pointer:fine) {
  .c12:hover,
  .c12:hover .c4 {
    color: rgba(102,102,102,0.88);
  }
}

@media (hover:hover) and (pointer:fine) {
  .c12.RcIconButton-contained:hover,
  .c12.RcIconButton-contained:hover .c4 {
    color: #fff;
  }
}

@media (hover:hover) and (pointer:fine) {

}

@media (hover:hover) and (pointer:fine) {
  .c3.RcCheckbox-root:hover {
    background-color: rgba(147,147,147,0.12);
  }

  .c3.RcCheckbox-root:hover.RcCheckbox-checked {
    color: rgba(6,111,172,0.92);
    background-color: rgba(6,111,172,0.12);
  }
}

@media (hover:hover) and (pointer:fine) {

}

<li
    aria-disabled={false}
    className="MuiButtonBase-root MuiListItem-root MuiMenuItem-root c0 MuiMenuItem-gutters RcMenuItem-gutters MuiListItem-gutters MuiListItem-button"
    data-menuitem-id="menu-item-0"
    onBlur={[Function]}
    onClick={[Function]}
    onDragLeave={[Function]}
    onFocus={[Function]}
    onKeyDown={[Function]}
    onKeyUp={[Function]}
    onMouseDown={[Function]}
    onMouseEnter={[Function]}
    onMouseLeave={[Function]}
    onMouseUp={[Function]}
    onTouchEnd={[Function]}
    onTouchMove={[Function]}
    onTouchStart={[Function]}
    role="menuitem"
    tabIndex={-1}
  >
    <div
      className="MuiListItemIcon-root c1"
    >
      <span
        aria-disabled={false}
        className="MuiButtonBase-root MuiIconButton-root PrivateSwitchBase-root-229 MuiCheckbox-root RcCheckbox-root c2 c3"
        onBlur={[Function]}
        onDragLeave={[Function]}
        onFocus={[Function]}
        onKeyDown={[Function]}
        onKeyUp={[Function]}
        onMouseDown={[Function]}
        onMouseLeave={[Function]}
        onMouseUp={[Function]}
        onTouchEnd={[Function]}
        onTouchMove={[Function]}
        onTouchStart={[Function]}
        tabIndex={null}
      >
        <span
          className="MuiIconButton-label"
        >
          <input
            className="PrivateSwitchBase-input-232"
            data-indeterminate={false}
            onChange={[Function]}
            type="checkbox"
          />
          <span
            className="c4 c5 unselect icon"
          >
            <svg
              className="c6"
              viewBox="0 0 32 32"
              xmlns="http://www.w3.org/2000/svg"
            >
              <path
                d="M27 2a3 3 0 013 3v22a3 3 0 01-3 3H5a3 3 0 01-3-3V5a3 3 0 013-3h22zm0 2.5H5a.5.5 0 00-.492.41L4.5 5v22a.5.5 0 00.41.492L5 27.5h22a.5.5 0 00.492-.41L27.5 27V5a.5.5 0 00-.41-.492L27 4.5z"
              />
            </svg>
            
          </span>
        </span>
      </span>
    </div>
    <div
      className="MuiListItemText-root c7"
    >
      <span
        className="MuiTypography-root MuiListItemText-primary RcListItemText-primary MuiTypography-body1 MuiTypography-displayBlock"
      >
        Checkbox Case
      </span>
    </div>
  </li>,
  .c3.RcRadio-root {
  color: #939393;
  padding: 10px;
}

.c3.RcRadio-root.RcRadio-checked {
  color: #066FAC;
}

.c3.RcRadio-root.RcRadio-disabled {
  color: #B9B9B9;
}

.c3 .RadioButtonIcon-root svg {
  font-size: 24px;
  margin: -2px;
}

.c1 {
  display: -webkit-box;
  display: -webkit-flex;
  display: -ms-flexbox;
  display: flex;
  -webkit-box-pack: center;
  -webkit-justify-content: center;
  -ms-flex-pack: center;
  justify-content: center;
  -webkit-align-items: center;
  -webkit-box-align: center;
  -ms-flex-align: center;
  align-items: center;
  width: auto;
  height: unset;
  color: #666666;
  min-width: unset;
}

.c1 > .c2,
.c1 > .sc-gGLxEB {
  margin-right: 4px;
}

.c1 > .c6 {
  margin-left: 4px;
  margin-right: 4px;
}

.c1 > .c7,
.c1 > .sc-eCApnc {
  margin-right: 8px;
}

.c5 .c8 > .c2,
.c5 .c8 > .sc-gGLxEB,
.c5 .c8 > .c6 {
  margin-right: 0;
}

.c4 {
  padding: 0;
  margin: 0 8px 0 0;
}

.c4.RcListItemText-multiline {
  margin: 4px 8px 4px 0px;
}

.c4.RcListItemText-inset {
  padding-left: 56px;
}

.c4 .RcListItemText-primary {
  white-space: nowrap;
  overflow: hidden;
  text-overflow: ellipsis;
  -webkit-text-decoration-line: inherit;
  text-decoration-line: inherit;
  font-size: 0.9375rem;
  font-weight: 400;
  font-family: Lato,Helvetica,Arial,sans-serif;
  line-height: 22px;
  color: #121212;
}

.c4 .RcListItemText-secondary {
  white-space: nowrap;
  overflow: hidden;
  text-overflow: ellipsis;
  -webkit-text-decoration-line: inherit;
  text-decoration-line: inherit;
  font-size: 0.75rem;
  font-weight: 400;
  font-family: Lato,Helvetica,Arial,sans-serif;
  line-height: 16px;
  color: #666666;
}

.c0 {
  outline: none;
  box-sizing: border-box;
  font-size: 0.9375rem;
  font-weight: 400;
  font-family: Lato,Helvetica,Arial,sans-serif;
  line-height: 22px;
  color: #121212;
  height: auto;
  min-height: 32px;
  min-width: 112px;
  padding-top: 4px;
  padding-bottom: 4px;
}

.c0 .RcMenuItem-gutters {
  padding-left: 16px;
  padding-right: 16px;
}

.c0.RcMenuItem-dense {
  padding-top: 4px;
  padding-bottom: 4px;
  min-height: auto;
  line-height: 22px;
  font-weight: 700;
}

.c0 .c8 {
  margin-right: 0;
}

.c0 .c8 > .c6 {
  margin-left: 4px;
  margin-right: 4px;
}

@media (hover:hover) and (pointer:fine) {

}

@media (hover:hover) and (pointer:fine) {

}

@media (hover:hover) and (pointer:fine) {

}

@media (hover:hover) and (pointer:fine) {

}

@media (hover:hover) and (pointer:fine) {
  .c3.RcRadio-root:hover {
    background-color: rgba(147,147,147,0.12);
  }

  .c3.RcRadio-root:hover.RcRadio-checked {
    color: rgba(6,111,172,0.92);
    background-color: rgba(6,111,172,0.12);
  }
}

<li
    aria-disabled={false}
    className="MuiButtonBase-root MuiListItem-root MuiMenuItem-root c0 MuiMenuItem-gutters RcMenuItem-gutters MuiListItem-gutters MuiListItem-button"
    data-menuitem-id="menu-item-0"
    onBlur={[Function]}
    onClick={[Function]}
    onDragLeave={[Function]}
    onFocus={[Function]}
    onKeyDown={[Function]}
    onKeyUp={[Function]}
    onMouseDown={[Function]}
    onMouseEnter={[Function]}
    onMouseLeave={[Function]}
    onMouseUp={[Function]}
    onTouchEnd={[Function]}
    onTouchMove={[Function]}
    onTouchStart={[Function]}
    role="menuitem"
    tabIndex={-1}
  >
    <div
      className="MuiListItemIcon-root c1"
    >
      <span
        aria-disabled={false}
        className="MuiButtonBase-root MuiIconButton-root PrivateSwitchBase-root-229 MuiRadio-root RcRadio-root c2 c3"
        onBlur={[Function]}
        onDragLeave={[Function]}
        onFocus={[Function]}
        onKeyDown={[Function]}
        onKeyUp={[Function]}
        onMouseDown={[Function]}
        onMouseLeave={[Function]}
        onMouseUp={[Function]}
        onTouchEnd={[Function]}
        onTouchMove={[Function]}
        onTouchStart={[Function]}
        tabIndex={null}
      >
        <span
          className="MuiIconButton-label"
        >
          <input
            className="PrivateSwitchBase-input-232"
            onChange={[Function]}
            type="radio"
          />
          <div
            className="PrivateRadioButtonIcon-root-233 RadioButtonIcon-root"
          >
            <svg
              aria-hidden={true}
              className="MuiSvgIcon-root"
              focusable="false"
              viewBox="0 0 24 24"
            >
              <path
                d="M12 2C6.48 2 2 6.48 2 12s4.48 10 10 10 10-4.48 10-10S17.52 2 12 2zm0 18c-4.42 0-8-3.58-8-8s3.58-8 8-8 8 3.58 8 8-3.58 8-8 8z"
              />
            </svg>
            <svg
              aria-hidden={true}
              className="MuiSvgIcon-root PrivateRadioButtonIcon-layer-234"
              focusable="false"
              viewBox="0 0 24 24"
            >
              <path
                d="M8.465 8.465C9.37 7.56 10.62 7 12 7C14.76 7 17 9.24 17 12C17 13.38 16.44 14.63 15.535 15.535C14.63 16.44 13.38 17 12 17C9.24 17 7 14.76 7 12C7 10.62 7.56 9.37 8.465 8.465Z"
              />
            </svg>
          </div>
        </span>
      </span>
    </div>
    <div
      className="MuiListItemText-root c4"
    >
      <span
        className="MuiTypography-root MuiListItemText-primary RcListItemText-primary MuiTypography-body1 MuiTypography-displayBlock"
      >
        Radio Case
      </span>
    </div>
  </li>,
  .c3.RcSwitch-root {
  padding: 0px;
  width: 36px;
  height: 20px;
}

.c3.RcSwitch-root .RcSwitch-switchBase {
  width: 36px;
  height: 20px;
  padding: 0;
  background-color: transparent;
  -webkit-transform: translateX(-8px);
  -ms-transform: translateX(-8px);
  transform: translateX(-8px);
}

.c3.RcSwitch-root .RcSwitch-switchBase.RcSwitch-checked {
  -webkit-transform: translateX(8px);
  -ms-transform: translateX(8px);
  transform: translateX(8px);
}

.c3.RcSwitch-root .RcSwitch-thumb {
  height: 12px;
  width: 12px;
  background-color: #FFFFFF;
  box-shadow: none;
}

.c3.RcSwitch-root .RcSwitch-track {
  height: 20px;
  opacity: 1;
  margin: 0;
  border-radius: 100vw;
  background-color: #939393;
}

.c3.RcSwitch-root .RcSwitch-checked + .RcSwitch-track {
  background-color: #066FAC;
}

.c3.RcSwitch-root .RcSwitch-disabled + .RcSwitch-track {
  background-color: #B9B9B9;
}

.c3.RcSwitch-root .RcSwitch-focusVisible + .RcSwitch-track:after {
  content: '';
  position: absolute;
  top: 0;
  left: 0;
  width: 100%;
  height: 100%;
  box-sizing: border-box;
  border-radius: 100vw;
  border: 1px solid #066FAC;
  box-shadow: inset 0 0 0 1px #FFFFFF;
}

.c3.RcSwitch-root:active .RcSwitch-switchBase:not(.RcSwitch-disabled) + .RcSwitch-track {
  background-color: rgba(147,147,147,0.76);
}

.c3.RcSwitch-root:active .RcSwitch-switchBase:not(.RcSwitch-disabled).RcSwitch-checked + .RcSwitch-track {
  background-color: rgba(6,111,172,0.76);
}

.c1 {
  display: -webkit-box;
  display: -webkit-flex;
  display: -ms-flexbox;
  display: flex;
  -webkit-box-pack: center;
  -webkit-justify-content: center;
  -ms-flex-pack: center;
  justify-content: center;
  -webkit-align-items: center;
  -webkit-box-align: center;
  -ms-flex-align: center;
  align-items: center;
  width: auto;
  height: unset;
  color: #666666;
  min-width: unset;
}

.c1 > .c6,
.c1 > .sc-gGLxEB {
  margin-right: 4px;
}

.c1 > .c2 {
  margin-left: 4px;
  margin-right: 4px;
}

.c1 > .c7,
.c1 > .sc-eCApnc {
  margin-right: 8px;
}

.c5 .c8 > .c6,
.c5 .c8 > .sc-gGLxEB,
.c5 .c8 > .c2 {
  margin-right: 0;
}

.c4 {
  padding: 0;
  margin: 0 8px 0 0;
}

.c4.RcListItemText-multiline {
  margin: 4px 8px 4px 0px;
}

.c4.RcListItemText-inset {
  padding-left: 56px;
}

.c4 .RcListItemText-primary {
  white-space: nowrap;
  overflow: hidden;
  text-overflow: ellipsis;
  -webkit-text-decoration-line: inherit;
  text-decoration-line: inherit;
  font-size: 0.9375rem;
  font-weight: 400;
  font-family: Lato,Helvetica,Arial,sans-serif;
  line-height: 22px;
  color: #121212;
}

.c4 .RcListItemText-secondary {
  white-space: nowrap;
  overflow: hidden;
  text-overflow: ellipsis;
  -webkit-text-decoration-line: inherit;
  text-decoration-line: inherit;
  font-size: 0.75rem;
  font-weight: 400;
  font-family: Lato,Helvetica,Arial,sans-serif;
  line-height: 16px;
  color: #666666;
}

.c0 {
  outline: none;
  box-sizing: border-box;
  font-size: 0.9375rem;
  font-weight: 400;
  font-family: Lato,Helvetica,Arial,sans-serif;
  line-height: 22px;
  color: #121212;
  height: auto;
  min-height: 32px;
  min-width: 112px;
  padding-top: 4px;
  padding-bottom: 4px;
}

.c0 .RcMenuItem-gutters {
  padding-left: 16px;
  padding-right: 16px;
}

.c0.RcMenuItem-dense {
  padding-top: 4px;
  padding-bottom: 4px;
  min-height: auto;
  line-height: 22px;
  font-weight: 700;
}

.c0 .c8 {
  margin-right: 0;
}

.c0 .c8 > .c2 {
  margin-left: 4px;
  margin-right: 4px;
}

@media (hover:hover) and (pointer:fine) {

}

@media (hover:hover) and (pointer:fine) {

}

@media (hover:hover) and (pointer:fine) {
  .c3.RcSwitch-root:hover .RcSwitch-switchBase:not(.RcSwitch-disabled) + .RcSwitch-track {
    background-color: rgba(147,147,147,0.92);
  }

  .c3.RcSwitch-root:hover .RcSwitch-switchBase:not(.RcSwitch-disabled).RcSwitch-checked + .RcSwitch-track {
    background-color: rgba(6,111,172,0.92);
  }
}

@media (hover:hover) and (pointer:fine) {

}

@media (hover:hover) and (pointer:fine) {

}

<li
    aria-disabled={false}
    className="MuiButtonBase-root MuiListItem-root MuiMenuItem-root c0 MuiMenuItem-gutters RcMenuItem-gutters MuiListItem-gutters MuiListItem-button"
    data-menuitem-id="menu-item-0"
    onBlur={[Function]}
    onClick={[Function]}
    onDragLeave={[Function]}
    onFocus={[Function]}
    onKeyDown={[Function]}
    onKeyUp={[Function]}
    onMouseDown={[Function]}
    onMouseEnter={[Function]}
    onMouseLeave={[Function]}
    onMouseUp={[Function]}
    onTouchEnd={[Function]}
    onTouchMove={[Function]}
    onTouchStart={[Function]}
    role="menuitem"
    tabIndex={-1}
  >
    <div
      className="MuiListItemIcon-root c1"
    >
      <span
        className="MuiSwitch-root RcSwitch-root c2 c3"
      >
        <span
          aria-disabled={false}
          className="MuiButtonBase-root MuiIconButton-root PrivateSwitchBase-root-229 MuiSwitch-switchBase RcSwitch-switchBase"
          onBlur={[Function]}
          onDragLeave={[Function]}
          onFocus={[Function]}
          onKeyDown={[Function]}
          onKeyUp={[Function]}
          onMouseDown={[Function]}
          onMouseLeave={[Function]}
          onMouseUp={[Function]}
          onTouchEnd={[Function]}
          onTouchMove={[Function]}
          onTouchStart={[Function]}
          tabIndex={null}
        >
          <span
            className="MuiIconButton-label"
          >
            <input
              className="PrivateSwitchBase-input-232 MuiSwitch-input"
              onChange={[Function]}
              type="checkbox"
            />
            <span
              className="MuiSwitch-thumb RcSwitch-thumb"
            />
          </span>
        </span>
        <span
          className="MuiSwitch-track RcSwitch-track"
        />
      </span>
    </div>
    <div
      className="MuiListItemText-root c4"
    >
      <span
        className="MuiTypography-root MuiListItemText-primary RcListItemText-primary MuiTypography-body1 MuiTypography-displayBlock"
      >
        Switch Case
      </span>
    </div>
  </li>,
  .c0 {
  position: relative;
  margin: 0;
  border: 0;
  -webkit-flex-shrink: 0;
  -ms-flex-negative: 0;
  flex-shrink: 0;
  overflow: initial;
  width: 100%;
  height: 1px;
  background-color: #E5E5E5;
}

@media (hover:hover) and (pointer:fine) {

}

@media (hover:hover) and (pointer:fine) {

}

@media (hover:hover) and (pointer:fine) {

}

@media (hover:hover) and (pointer:fine) {

}

@media (hover:hover) and (pointer:fine) {

}

<li
    className="c0"
    role="separator"
  />,
  .c0 {
  height: 36px;
  padding-top: 12px;
  padding-bottom: 4px;
  display: -webkit-box;
  display: -webkit-flex;
  display: -ms-flexbox;
  display: flex;
  background: #FFFFFF;
  color: #666666;
  font-size: 0.9375rem;
  font-weight: 400;
  font-family: Lato,Helvetica,Arial,sans-serif;
  line-height: 22px;
}

.c0.RcListSubheader-gutters {
  padding-left: 16px;
  padding-right: 8px;
}

.c0.RcListSubheader-inset {
  padding-left: 72px;
}

@media (hover:hover) and (pointer:fine) {

}

@media (hover:hover) and (pointer:fine) {

}

@media (hover:hover) and (pointer:fine) {

}

@media (hover:hover) and (pointer:fine) {

}

@media (hover:hover) and (pointer:fine) {

}

<li
    className="MuiListSubheader-root c0 MuiListSubheader-sticky MuiListSubheader-gutters RcListSubheader-gutters"
  >
    SecondaryAction Case:
  </li>,
  .c2 {
  display: -webkit-box;
  display: -webkit-flex;
  display: -ms-flexbox;
  display: flex;
  -webkit-box-pack: center;
  -webkit-justify-content: center;
  -ms-flex-pack: center;
  justify-content: center;
  -webkit-align-items: center;
  -webkit-box-align: center;
  -ms-flex-align: center;
  align-items: center;
  font-size: 0.75rem;
  font-weight: 400;
  font-family: Lato,Helvetica,Arial,sans-serif;
  line-height: 16px;
  color: #666666;
}

.c2 .c5 {
  margin-right: -8px;
}

.c2 .c5 > .c3,
.c2 .c5 > .sc-gGLxEB,
.c2 .c5 > .c4 {
  margin-right: 0;
}

.c2 > * + * {
  margin-left: 8px;
}

.c1 {
  padding: 0;
  margin: 0 8px 0 0;
}

.c1.RcListItemText-multiline {
  margin: 4px 8px 4px 0px;
}

.c1.RcListItemText-inset {
  padding-left: 56px;
}

.c1 .RcListItemText-primary {
  white-space: nowrap;
  overflow: hidden;
  text-overflow: ellipsis;
  -webkit-text-decoration-line: inherit;
  text-decoration-line: inherit;
  font-size: 0.9375rem;
  font-weight: 400;
  font-family: Lato,Helvetica,Arial,sans-serif;
  line-height: 22px;
  color: #121212;
}

.c1 .RcListItemText-secondary {
  white-space: nowrap;
  overflow: hidden;
  text-overflow: ellipsis;
  -webkit-text-decoration-line: inherit;
  text-decoration-line: inherit;
  font-size: 0.75rem;
  font-weight: 400;
  font-family: Lato,Helvetica,Arial,sans-serif;
  line-height: 16px;
  color: #666666;
}

.c0 {
  outline: none;
  box-sizing: border-box;
  font-size: 0.9375rem;
  font-weight: 400;
  font-family: Lato,Helvetica,Arial,sans-serif;
  line-height: 22px;
  color: #121212;
  height: auto;
  min-height: 32px;
  min-width: 112px;
  padding-top: 4px;
  padding-bottom: 4px;
}

.c0 .RcMenuItem-gutters {
  padding-left: 16px;
  padding-right: 16px;
}

.c0.RcMenuItem-dense {
  padding-top: 4px;
  padding-bottom: 4px;
  min-height: auto;
  line-height: 22px;
  font-weight: 700;
}

.c0 .c5 {
  margin-right: 0;
}

.c0 .c5 > .c4 {
  margin-left: 4px;
  margin-right: 4px;
}

@media (hover:hover) and (pointer:fine) {

}

@media (hover:hover) and (pointer:fine) {

}

@media (hover:hover) and (pointer:fine) {

}

@media (hover:hover) and (pointer:fine) {

}

@media (hover:hover) and (pointer:fine) {

}

<li
    aria-disabled={false}
    className="MuiButtonBase-root MuiListItem-root MuiMenuItem-root c0 MuiMenuItem-gutters RcMenuItem-gutters MuiListItem-gutters MuiListItem-button"
    data-menuitem-id="menu-item-0"
    onBlur={[Function]}
    onClick={[Function]}
    onDragLeave={[Function]}
    onFocus={[Function]}
    onKeyDown={[Function]}
    onKeyUp={[Function]}
    onMouseDown={[Function]}
    onMouseEnter={[Function]}
    onMouseLeave={[Function]}
    onMouseUp={[Function]}
    onTouchEnd={[Function]}
    onTouchMove={[Function]}
    onTouchStart={[Function]}
    role="menuitem"
    tabIndex={-1}
  >
    <div
      className="MuiListItemText-root c1"
    >
      <span
        className="MuiTypography-root MuiListItemText-primary RcListItemText-primary MuiTypography-body1 MuiTypography-displayBlock"
      >
        use secondaryAction prop
      </span>
    </div>
    <div
      className="MuiListItemSecondaryAction-root c2"
    >
      secondaryAction string Action
    </div>
  </li>,
  .c5 {
  width: 1em;
  height: 1em;
  stroke-width: 0;
  stroke: currentColor;
  fill: currentColor;
  pointer-events: none;
}

.c4 {
  display: -webkit-inline-box;
  display: -webkit-inline-flex;
  display: -ms-inline-flexbox;
  display: inline-flex;
  font-size: 16px;
}

.c10,
.c10 .c3 {
  font-size: 16px;
}

.c10:active,
.c10:active .c3 {
  color: #666666;
}

.c10.focus-visible:active,
.c10[data-focus-visible-added]:active,
.c10.focus-visible:active .c3,
.c10[data-focus-visible-added]:active .c3 {
  color: rgba(102,102,102,0.88);
}

.c10.RcIconButton-disabled,
.c10.RcIconButton-disabled .c3 {
  color: #B9B9B9;
}

.c10.RcIconButton-contained.focus-visible,
.c10.RcIconButton-contained[data-focus-visible-added],
.c10.RcIconButton-contained.focus-visible .c3,
.c10.RcIconButton-contained[data-focus-visible-added] .c3 {
  color: #fff;
}

.c10.RcIconButton-contained:active,
.c10.RcIconButton-contained:active .c3 {
  color: #fff;
}

.c6 > .c9,
.c6 > .c3 {
  margin-right: 8px;
}

.c2 {
  display: -webkit-box;
  display: -webkit-flex;
  display: -ms-flexbox;
  display: flex;
  -webkit-box-pack: center;
  -webkit-justify-content: center;
  -ms-flex-pack: center;
  justify-content: center;
  -webkit-align-items: center;
  -webkit-box-align: center;
  -ms-flex-align: center;
  align-items: center;
  font-size: 0.75rem;
  font-weight: 400;
  font-family: Lato,Helvetica,Arial,sans-serif;
  line-height: 16px;
  color: #666666;
}

.c2 .c11 {
  margin-right: -8px;
}

.c2 .c11 > .c7,
.c2 .c11 > .sc-gGLxEB,
.c2 .c11 > .c8 {
  margin-right: 0;
}

.c2 > * + * {
  margin-left: 8px;
}

.c1 {
  padding: 0;
  margin: 0 8px 0 0;
}

.c1.RcListItemText-multiline {
  margin: 4px 8px 4px 0px;
}

.c1.RcListItemText-inset {
  padding-left: 56px;
}

.c1 .RcListItemText-primary {
  white-space: nowrap;
  overflow: hidden;
  text-overflow: ellipsis;
  -webkit-text-decoration-line: inherit;
  text-decoration-line: inherit;
  font-size: 0.9375rem;
  font-weight: 400;
  font-family: Lato,Helvetica,Arial,sans-serif;
  line-height: 22px;
  color: #121212;
}

.c1 .RcListItemText-secondary {
  white-space: nowrap;
  overflow: hidden;
  text-overflow: ellipsis;
  -webkit-text-decoration-line: inherit;
  text-decoration-line: inherit;
  font-size: 0.75rem;
  font-weight: 400;
  font-family: Lato,Helvetica,Arial,sans-serif;
  line-height: 16px;
  color: #666666;
}

.c0 {
  outline: none;
  box-sizing: border-box;
  font-size: 0.9375rem;
  font-weight: 400;
  font-family: Lato,Helvetica,Arial,sans-serif;
  line-height: 22px;
  color: #121212;
  height: auto;
  min-height: 32px;
  min-width: 112px;
  padding-top: 4px;
  padding-bottom: 4px;
}

.c0 .RcMenuItem-gutters {
  padding-left: 16px;
  padding-right: 16px;
}

.c0.RcMenuItem-dense {
  padding-top: 4px;
  padding-bottom: 4px;
  min-height: auto;
  line-height: 22px;
  font-weight: 700;
}

.c0 .c11 {
  margin-right: 0;
}

.c0 .c11 > .c8 {
  margin-left: 4px;
  margin-right: 4px;
}

@media (hover:hover) and (pointer:fine) {
  .c10:hover,
  .c10:hover .c3 {
    color: rgba(102,102,102,0.88);
  }
}

@media (hover:hover) and (pointer:fine) {
  .c10.RcIconButton-contained:hover,
  .c10.RcIconButton-contained:hover .c3 {
    color: #fff;
  }
}

@media (hover:hover) and (pointer:fine) {

}

@media (hover:hover) and (pointer:fine) {

}

@media (hover:hover) and (pointer:fine) {

}

<li
    aria-disabled={false}
    className="MuiButtonBase-root MuiListItem-root MuiMenuItem-root c0 MuiMenuItem-gutters RcMenuItem-gutters MuiListItem-gutters MuiListItem-button"
    data-menuitem-id="menu-item-0"
    onBlur={[Function]}
    onClick={[Function]}
    onDragLeave={[Function]}
    onFocus={[Function]}
    onKeyDown={[Function]}
    onKeyUp={[Function]}
    onMouseDown={[Function]}
    onMouseEnter={[Function]}
    onMouseLeave={[Function]}
    onMouseUp={[Function]}
    onTouchEnd={[Function]}
    onTouchMove={[Function]}
    onTouchStart={[Function]}
    role="menuitem"
    tabIndex={-1}
  >
    <div
      className="MuiListItemText-root c1"
    >
      <span
        className="MuiTypography-root MuiListItemText-primary RcListItemText-primary MuiTypography-body1 MuiTypography-displayBlock"
      >
        use secondaryAction prop
      </span>
    </div>
    <div
      className="MuiListItemSecondaryAction-root c2"
    >
      <span>
        meta
      </span>
      <span
        className="c3 c4 info icon"
      >
        <svg
          className="c5"
          viewBox="0 0 32 32"
          xmlns="http://www.w3.org/2000/svg"
        >
          <path
            d="M16 2c7.732 0 14 6.268 14 14s-6.268 14-14 14S2 23.732 2 16 8.268 2 16 2zm0 11a1 1 0 00-1 1v10a1 1 0 002 0V14a1 1 0 00-1-1zm0-6a2 2 0 10-.001 3.999A2 2 0 0016 7z"
          />
        </svg>
        
      </span>
    </div>
  </li>,
  .c7 {
  width: 1em;
  height: 1em;
  stroke-width: 0;
  stroke: currentColor;
  fill: currentColor;
  pointer-events: none;
}

.c6 {
  display: -webkit-inline-box;
  display: -webkit-inline-flex;
  display: -ms-inline-flexbox;
  display: inline-flex;
  font-size: 24px;
}

.c4 {
  display: -webkit-inline-box;
  display: -webkit-inline-flex;
  display: -ms-inline-flexbox;
  display: inline-flex;
  -webkit-box-pack: center;
  -webkit-justify-content: center;
  -ms-flex-pack: center;
  justify-content: center;
  -webkit-align-items: center;
  -webkit-box-align: center;
  -ms-flex-align: center;
  align-items: center;
  width: 16px;
  height: 16px;
  color: #666666;
  border-radius: 50%;
  -webkit-transition: background 150ms cubic-bezier(0.4,0,0.2,1) 0ms;
  transition: background 150ms cubic-bezier(0.4,0,0.2,1) 0ms;
  cursor: pointer;
}

.c4,
.c4 .c5 {
  font-size: 16px;
}

.c4:active,
.c4:active .c5 {
  color: #666666;
}

.c4.focus-visible,
.c4[data-focus-visible-added] {
  background-color: transparent;
}

.c4.focus-visible:active,
.c4[data-focus-visible-added]:active,
.c4.focus-visible:active .c5,
.c4[data-focus-visible-added]:active .c5 {
  color: rgba(102,102,102,0.88);
}

.c4.focus-visible:after,
.c4[data-focus-visible-added]:after {
  content: '';
  position: absolute;
  top: -3px;
  right: -3px;
  bottom: -3px;
  left: -3px;
  box-shadow: 0 0 0 1px #066FAC;
  border-radius: 50%;
  pointer-events: none;
  z-index: 1;
}

.c4.RcIconButton-persistBg {
  background-color: rgba(102,102,102,0.12);
}

.c4.RcIconButton-disabled,
.c4.RcIconButton-disabled .c5 {
  color: #B9B9B9;
}

.c4.RcIconButton-invisible {
  opacity: 0;
  visibility: hidden;
  width: 0;
  height: 0;
}

.c4.RcIconButton-outline {
  border: 1px solid #C7C7C7;
}

.c4.RcIconButton-contained {
  color: #fff;
  background-color: #666666;
}

.c4.RcIconButton-contained.focus-visible,
.c4.RcIconButton-contained[data-focus-visible-added] {
  background-color: rgba(102,102,102,0.84);
}

.c4.RcIconButton-contained.focus-visible,
.c4.RcIconButton-contained[data-focus-visible-added],
.c4.RcIconButton-contained.focus-visible .c5,
.c4.RcIconButton-contained[data-focus-visible-added] .c5 {
  color: #fff;
}

.c4.RcIconButton-contained:active {
  background-color: rgba(102,102,102,0.76);
}

.c4.RcIconButton-contained:active,
.c4.RcIconButton-contained:active .c5 {
  color: #fff;
}

.c4 .RcIconButtonTouchRipple-ripplePulsate {
  border-radius: 0;
  -webkit-animation-name: none;
  animation-name: none;
  opacity: 0;
}

.c8 > .c3,
.c8 > .c5 {
  margin-right: 8px;
}

.c2 {
  display: -webkit-box;
  display: -webkit-flex;
  display: -ms-flexbox;
  display: flex;
  -webkit-box-pack: center;
  -webkit-justify-content: center;
  -ms-flex-pack: center;
  justify-content: center;
  -webkit-align-items: center;
  -webkit-box-align: center;
  -ms-flex-align: center;
  align-items: center;
  font-size: 0.75rem;
  font-weight: 400;
  font-family: Lato,Helvetica,Arial,sans-serif;
  line-height: 16px;
  color: #666666;
}

.c2 .c11 {
  margin-right: -8px;
}

.c2 .c11 > .c9,
.c2 .c11 > .sc-gGLxEB,
.c2 .c11 > .c10 {
  margin-right: 0;
}

.c2 > * + * {
  margin-left: 8px;
}

.c1 {
  padding: 0;
  margin: 0 8px 0 0;
}

.c1.RcListItemText-multiline {
  margin: 4px 8px 4px 0px;
}

.c1.RcListItemText-inset {
  padding-left: 56px;
}

.c1 .RcListItemText-primary {
  white-space: nowrap;
  overflow: hidden;
  text-overflow: ellipsis;
  -webkit-text-decoration-line: inherit;
  text-decoration-line: inherit;
  font-size: 0.9375rem;
  font-weight: 400;
  font-family: Lato,Helvetica,Arial,sans-serif;
  line-height: 22px;
  color: #121212;
}

.c1 .RcListItemText-secondary {
  white-space: nowrap;
  overflow: hidden;
  text-overflow: ellipsis;
  -webkit-text-decoration-line: inherit;
  text-decoration-line: inherit;
  font-size: 0.75rem;
  font-weight: 400;
  font-family: Lato,Helvetica,Arial,sans-serif;
  line-height: 16px;
  color: #666666;
}

.c0 {
  outline: none;
  box-sizing: border-box;
  font-size: 0.9375rem;
  font-weight: 400;
  font-family: Lato,Helvetica,Arial,sans-serif;
  line-height: 22px;
  color: #121212;
  height: auto;
  min-height: 32px;
  min-width: 112px;
  padding-top: 4px;
  padding-bottom: 4px;
}

.c0 .RcMenuItem-gutters {
  padding-left: 16px;
  padding-right: 16px;
}

.c0.RcMenuItem-dense {
  padding-top: 4px;
  padding-bottom: 4px;
  min-height: auto;
  line-height: 22px;
  font-weight: 700;
}

.c0 .c11 {
  margin-right: 0;
}

.c0 .c11 > .c10 {
  margin-left: 4px;
  margin-right: 4px;
}

@media (hover:hover) and (pointer:fine) {
  .c4:hover {
    background-color: transparent;
  }

  .c4:hover,
  .c4:hover .c5 {
    color: rgba(102,102,102,0.88);
  }
}

@media (hover:hover) and (pointer:fine) {
  .c4.RcIconButton-contained:hover {
    background-color: rgba(102,102,102,0.92);
  }

  .c4.RcIconButton-contained:hover,
  .c4.RcIconButton-contained:hover .c5 {
    color: #fff;
  }
}

@media (hover:hover) and (pointer:fine) {

}

@media (hover:hover) and (pointer:fine) {

}

@media (hover:hover) and (pointer:fine) {

}

<li
    aria-disabled={false}
    className="MuiButtonBase-root MuiListItem-root MuiMenuItem-root c0 MuiMenuItem-gutters RcMenuItem-gutters MuiListItem-gutters MuiListItem-button"
    data-menuitem-id="menu-item-0"
    onBlur={[Function]}
    onClick={[Function]}
    onDragLeave={[Function]}
    onFocus={[Function]}
    onKeyDown={[Function]}
    onKeyUp={[Function]}
    onMouseDown={[Function]}
    onMouseEnter={[Function]}
    onMouseLeave={[Function]}
    onMouseUp={[Function]}
    onTouchEnd={[Function]}
    onTouchMove={[Function]}
    onTouchStart={[Function]}
    role="menuitem"
    tabIndex={-1}
  >
    <div
      className="MuiListItemText-root c1"
    >
      <span
        className="MuiTypography-root MuiListItemText-primary RcListItemText-primary MuiTypography-body1 MuiTypography-displayBlock"
      >
        use ListItemSecondaryAction
      </span>
    </div>
    <div
      className="MuiListItemSecondaryAction-root c2"
    >
      <span>
        meta
      </span>
      <button
        className="MuiButtonBase-root c3 c4 RcIconButton-root"
        disabled={false}
        onBlur={[Function]}
        onDragLeave={[Function]}
        onFocus={[Function]}
        onKeyDown={[Function]}
        onKeyUp={[Function]}
        onMouseDown={[Function]}
        onMouseLeave={[Function]}
        onMouseUp={[Function]}
        onTouchEnd={[Function]}
        onTouchMove={[Function]}
        onTouchStart={[Function]}
        tabIndex={0}
        type="button"
      >
        <span
          className="c5 c6 info icon"
        >
          <svg
            className="c7"
            viewBox="0 0 32 32"
            xmlns="http://www.w3.org/2000/svg"
          >
            <path
              d="M16 2c7.732 0 14 6.268 14 14s-6.268 14-14 14S2 23.732 2 16 8.268 2 16 2zm0 11a1 1 0 00-1 1v10a1 1 0 002 0V14a1 1 0 00-1-1zm0-6a2 2 0 10-.001 3.999A2 2 0 0016 7z"
            />
          </svg>
          
        </span>
      </button>
    </div>
  </li>,
  .c0 {
  position: relative;
  margin: 0;
  border: 0;
  -webkit-flex-shrink: 0;
  -ms-flex-negative: 0;
  flex-shrink: 0;
  overflow: initial;
  width: 100%;
  height: 1px;
  background-color: #E5E5E5;
}

@media (hover:hover) and (pointer:fine) {

}

@media (hover:hover) and (pointer:fine) {

}

@media (hover:hover) and (pointer:fine) {

}

@media (hover:hover) and (pointer:fine) {

}

@media (hover:hover) and (pointer:fine) {

}

<li
    className="c0"
    role="separator"
  />,
  .c0 {
  height: 36px;
  padding-top: 12px;
  padding-bottom: 4px;
  display: -webkit-box;
  display: -webkit-flex;
  display: -ms-flexbox;
  display: flex;
  background: #FFFFFF;
  color: #666666;
  font-size: 0.9375rem;
  font-weight: 400;
  font-family: Lato,Helvetica,Arial,sans-serif;
  line-height: 22px;
}

.c0.RcListSubheader-gutters {
  padding-left: 16px;
  padding-right: 8px;
}

.c0.RcListSubheader-inset {
  padding-left: 72px;
}

@media (hover:hover) and (pointer:fine) {

}

@media (hover:hover) and (pointer:fine) {

}

@media (hover:hover) and (pointer:fine) {

}

@media (hover:hover) and (pointer:fine) {

}

@media (hover:hover) and (pointer:fine) {

}

<li
    className="MuiListSubheader-root c0 MuiListSubheader-sticky MuiListSubheader-gutters RcListSubheader-gutters"
  >
    SecondaryActionControl Case:
  </li>,
  .c8 {
  width: 1em;
  height: 1em;
  stroke-width: 0;
  stroke: currentColor;
  fill: currentColor;
  pointer-events: none;
}

.c7 {
  display: -webkit-inline-box;
  display: -webkit-inline-flex;
  display: -ms-inline-flexbox;
  display: inline-flex;
  font-size: 20px;
}

.c14,
.c14 .c6 {
  font-size: 16px;
}

.c14:active,
.c14:active .c6 {
  color: #666666;
}

.c14.focus-visible:active,
.c14[data-focus-visible-added]:active,
.c14.focus-visible:active .c6,
.c14[data-focus-visible-added]:active .c6 {
  color: rgba(102,102,102,0.88);
}

.c14.RcIconButton-disabled,
.c14.RcIconButton-disabled .c6 {
  color: #B9B9B9;
}

.c14.RcIconButton-contained.focus-visible,
.c14.RcIconButton-contained[data-focus-visible-added],
.c14.RcIconButton-contained.focus-visible .c6,
.c14.RcIconButton-contained[data-focus-visible-added] .c6 {
  color: #fff;
}

.c14.RcIconButton-contained:active,
.c14.RcIconButton-contained:active .c6 {
  color: #fff;
}

.c3 {
  color: #121212;
  font-size: 0.9375rem;
  font-weight: 700;
  font-family: Lato,Helvetica,Arial,sans-serif;
  line-height: 22px;
}

.c3 .RcFormControlLabel-disabled {
  color: #B9B9B9;
}

.c3 .RcCheckbox-root,
.c3 .RcRadio-root {
  margin-left: 0;
  margin-right: 4px;
}

.c3 .RcSwitch-root {
  margin: 12px;
}

.c3.RcFormControlLabel-labelPlacementStart .RcCheckbox-root,
.c3.RcFormControlLabel-labelPlacementStart .RcRadio-root {
  margin-left: 4px;
  margin-right: 0;
}

.c5.RcCheckbox-root {
  color: #939393;
  padding: 10px;
}

.c5.RcCheckbox-root.RcCheckbox-checked {
  color: #066FAC;
}

.c5.RcCheckbox-root.RcCheckbox-disabled {
  color: #B9B9B9;
}

.c1 {
  display: -webkit-box;
  display: -webkit-flex;
  display: -ms-flexbox;
  display: flex;
  -webkit-box-pack: center;
  -webkit-justify-content: center;
  -ms-flex-pack: center;
  justify-content: center;
  -webkit-align-items: center;
  -webkit-box-align: center;
  -ms-flex-align: center;
  align-items: center;
  width: auto;
  height: unset;
  color: #666666;
  min-width: unset;
}

.c1 > .c11,
.c1 > .c4 {
  margin-right: 4px;
}

.c1 > .c12 {
  margin-left: 4px;
  margin-right: 4px;
}

.c1 > .c13,
.c1 > .c6 {
  margin-right: 8px;
}

.c10 {
  display: -webkit-box;
  display: -webkit-flex;
  display: -ms-flexbox;
  display: flex;
  -webkit-box-pack: center;
  -webkit-justify-content: center;
  -ms-flex-pack: center;
  justify-content: center;
  -webkit-align-items: center;
  -webkit-box-align: center;
  -ms-flex-align: center;
  align-items: center;
  font-size: 0.75rem;
  font-weight: 400;
  font-family: Lato,Helvetica,Arial,sans-serif;
  line-height: 16px;
  color: #666666;
}

.c10 .c2 {
  margin-right: -8px;
}

.c10 .c2 > .c11,
.c10 .c2 > .c4,
.c10 .c2 > .c12 {
  margin-right: 0;
}

.c10 > * + * {
  margin-left: 8px;
}

.c9 {
  padding: 0;
  margin: 0 8px 0 0;
}

.c9.RcListItemText-multiline {
  margin: 4px 8px 4px 0px;
}

.c9.RcListItemText-inset {
  padding-left: 56px;
}

.c9 .RcListItemText-primary {
  white-space: nowrap;
  overflow: hidden;
  text-overflow: ellipsis;
  -webkit-text-decoration-line: inherit;
  text-decoration-line: inherit;
  font-size: 0.9375rem;
  font-weight: 400;
  font-family: Lato,Helvetica,Arial,sans-serif;
  line-height: 22px;
  color: #121212;
}

.c9 .RcListItemText-secondary {
  white-space: nowrap;
  overflow: hidden;
  text-overflow: ellipsis;
  -webkit-text-decoration-line: inherit;
  text-decoration-line: inherit;
  font-size: 0.75rem;
  font-weight: 400;
  font-family: Lato,Helvetica,Arial,sans-serif;
  line-height: 16px;
  color: #666666;
}

.c0 {
  outline: none;
  box-sizing: border-box;
  font-size: 0.9375rem;
  font-weight: 400;
  font-family: Lato,Helvetica,Arial,sans-serif;
  line-height: 22px;
  color: #121212;
  height: auto;
  min-height: 32px;
  min-width: 112px;
  padding-top: 4px;
  padding-bottom: 4px;
}

.c0 .RcMenuItem-gutters {
  padding-left: 16px;
  padding-right: 16px;
}

.c0.RcMenuItem-dense {
  padding-top: 4px;
  padding-bottom: 4px;
  min-height: auto;
  line-height: 22px;
  font-weight: 700;
}

.c0 .c2 {
  margin-right: 0;
}

.c0 .c2 > .c12 {
  margin-left: 4px;
  margin-right: 4px;
}

@media (hover:hover) and (pointer:fine) {
  .c14:hover,
  .c14:hover .c6 {
    color: rgba(102,102,102,0.88);
  }
}

@media (hover:hover) and (pointer:fine) {
  .c14.RcIconButton-contained:hover,
  .c14.RcIconButton-contained:hover .c6 {
    color: #fff;
  }
}

@media (hover:hover) and (pointer:fine) {

}

@media (hover:hover) and (pointer:fine) {
  .c5.RcCheckbox-root:hover {
    background-color: rgba(147,147,147,0.12);
  }

  .c5.RcCheckbox-root:hover.RcCheckbox-checked {
    color: rgba(6,111,172,0.92);
    background-color: rgba(6,111,172,0.12);
  }
}

@media (hover:hover) and (pointer:fine) {

}

<li
    aria-disabled={false}
    className="MuiButtonBase-root MuiListItem-root MuiMenuItem-root c0 MuiMenuItem-gutters RcMenuItem-gutters MuiListItem-gutters MuiListItem-button"
    data-menuitem-id="menu-item-0"
    onBlur={[Function]}
    onClick={[Function]}
    onDragLeave={[Function]}
    onFocus={[Function]}
    onKeyDown={[Function]}
    onKeyUp={[Function]}
    onMouseDown={[Function]}
    onMouseEnter={[Function]}
    onMouseLeave={[Function]}
    onMouseUp={[Function]}
    onTouchEnd={[Function]}
    onTouchMove={[Function]}
    onTouchStart={[Function]}
    role="menuitem"
    tabIndex={-1}
  >
    <div
      className="MuiListItemIcon-root c1"
    >
      <label
        className="MuiFormControlLabel-root RcFormControlLabel-root c2 c3"
      >
        <span
          aria-disabled={false}
          className="MuiButtonBase-root MuiIconButton-root PrivateSwitchBase-root-229 MuiCheckbox-root RcCheckbox-root c4 c5"
          onBlur={[Function]}
          onDragLeave={[Function]}
          onFocus={[Function]}
          onKeyDown={[Function]}
          onKeyUp={[Function]}
          onMouseDown={[Function]}
          onMouseLeave={[Function]}
          onMouseUp={[Function]}
          onTouchEnd={[Function]}
          onTouchMove={[Function]}
          onTouchStart={[Function]}
          tabIndex={null}
        >
          <span
            className="MuiIconButton-label"
          >
            <input
              className="PrivateSwitchBase-input-232"
              data-indeterminate={false}
              onChange={[Function]}
              type="checkbox"
            />
            <span
              className="c6 c7 unselect icon"
            >
              <svg
                className="c8"
                viewBox="0 0 32 32"
                xmlns="http://www.w3.org/2000/svg"
              >
                <path
                  d="M27 2a3 3 0 013 3v22a3 3 0 01-3 3H5a3 3 0 01-3-3V5a3 3 0 013-3h22zm0 2.5H5a.5.5 0 00-.492.41L4.5 5v22a.5.5 0 00.41.492L5 27.5h22a.5.5 0 00.492-.41L27.5 27V5a.5.5 0 00-.41-.492L27 4.5z"
                />
              </svg>
              
            </span>
          </span>
        </span>
        <span
          className="MuiTypography-root MuiFormControlLabel-label MuiTypography-body1"
        >
          
        </span>
      </label>
    </div>
    <div
      className="MuiListItemText-root c9"
    >
      <span
        className="MuiTypography-root MuiListItemText-primary RcListItemText-primary MuiTypography-body1 MuiTypography-displayBlock"
      >
        with FormControl Checkbox
      </span>
    </div>
    <div
      className="MuiListItemSecondaryAction-root c10"
    >
      <label
        className="MuiFormControlLabel-root RcFormControlLabel-root c2 c3"
      >
        <span
          aria-disabled={false}
          className="MuiButtonBase-root MuiIconButton-root PrivateSwitchBase-root-229 MuiCheckbox-root RcCheckbox-root c4 c5"
          onBlur={[Function]}
          onDragLeave={[Function]}
          onFocus={[Function]}
          onKeyDown={[Function]}
          onKeyUp={[Function]}
          onMouseDown={[Function]}
          onMouseLeave={[Function]}
          onMouseUp={[Function]}
          onTouchEnd={[Function]}
          onTouchMove={[Function]}
          onTouchStart={[Function]}
          tabIndex={null}
        >
          <span
            className="MuiIconButton-label"
          >
            <input
              className="PrivateSwitchBase-input-232"
              data-indeterminate={false}
              onChange={[Function]}
              type="checkbox"
            />
            <span
              className="c6 c7 unselect icon"
            >
              <svg
                className="c8"
                viewBox="0 0 32 32"
                xmlns="http://www.w3.org/2000/svg"
              >
                <path
                  d="M27 2a3 3 0 013 3v22a3 3 0 01-3 3H5a3 3 0 01-3-3V5a3 3 0 013-3h22zm0 2.5H5a.5.5 0 00-.492.41L4.5 5v22a.5.5 0 00.41.492L5 27.5h22a.5.5 0 00.492-.41L27.5 27V5a.5.5 0 00-.41-.492L27 4.5z"
                />
              </svg>
              
            </span>
          </span>
        </span>
        <span
          className="MuiTypography-root MuiFormControlLabel-label MuiTypography-body1"
        >
          
        </span>
      </label>
    </div>
  </li>,
]
`;

exports[`Storyshots 🚀 Cleanup Components/Menu/MenuItem/MenuItem Examples Secondary Lines MenuItem 1`] = `
.c1 {
  padding: 0;
  margin: 0 8px 0 0;
}

.c1.RcListItemText-multiline {
  margin: 4px 8px 4px 0px;
}

.c1.RcListItemText-inset {
  padding-left: 56px;
}

.c1 .RcListItemText-primary {
  white-space: nowrap;
  overflow: hidden;
  text-overflow: ellipsis;
  -webkit-text-decoration-line: inherit;
  text-decoration-line: inherit;
  font-size: 0.9375rem;
  font-weight: 400;
  font-family: Lato,Helvetica,Arial,sans-serif;
  line-height: 22px;
  color: #121212;
}

.c1 .RcListItemText-secondary {
  white-space: nowrap;
  overflow: hidden;
  text-overflow: ellipsis;
  -webkit-text-decoration-line: inherit;
  text-decoration-line: inherit;
  font-size: 0.75rem;
  font-weight: 400;
  font-family: Lato,Helvetica,Arial,sans-serif;
  line-height: 16px;
  color: #666666;
}

.c0 {
  outline: none;
  box-sizing: border-box;
  font-size: 0.9375rem;
  font-weight: 400;
  font-family: Lato,Helvetica,Arial,sans-serif;
  line-height: 22px;
  color: #121212;
  height: auto;
  min-height: 32px;
  min-width: 112px;
  padding-top: 4px;
  padding-bottom: 4px;
}

.c0 .RcMenuItem-gutters {
  padding-left: 16px;
  padding-right: 16px;
}

.c0.RcMenuItem-dense {
  padding-top: 4px;
  padding-bottom: 4px;
  min-height: auto;
  line-height: 22px;
  font-weight: 700;
}

.c0 .sc-oeezt {
  margin-right: 0;
}

.c0 .sc-oeezt > .sc-hhIiOg {
  margin-left: 4px;
  margin-right: 4px;
}

<li
  aria-disabled={false}
  className="MuiButtonBase-root MuiListItem-root MuiMenuItem-root c0 MuiMenuItem-gutters RcMenuItem-gutters MuiListItem-gutters MuiListItem-button"
  data-menuitem-id="menu-item-0"
  onBlur={[Function]}
  onClick={[Function]}
  onDragLeave={[Function]}
  onFocus={[Function]}
  onKeyDown={[Function]}
  onKeyUp={[Function]}
  onMouseDown={[Function]}
  onMouseEnter={[Function]}
  onMouseLeave={[Function]}
  onMouseUp={[Function]}
  onTouchEnd={[Function]}
  onTouchMove={[Function]}
  onTouchStart={[Function]}
  role="menuitem"
  tabIndex={-1}
>
  <div
    className="MuiListItemText-root c1 MuiListItemText-multiline RcListItemText-multiline"
  >
    <span
      className="MuiTypography-root MuiListItemText-primary RcListItemText-primary MuiTypography-body1 MuiTypography-displayBlock"
    >
      Primary Title
    </span>
    <p
      className="MuiTypography-root MuiListItemText-secondary RcListItemText-secondary MuiTypography-body2 MuiTypography-colorTextSecondary MuiTypography-displayBlock"
    >
      secondary text
    </p>
  </div>
</li>
`;
